../Core/Src/main.c:97:5:main	8	static
../Core/Src/main.c:151:6:SystemClock_Config	96	static
../Core/Src/main.c:201:13:MX_USART1_UART_Init	8	static
../Core/Src/main.c:236:13:MX_USART2_UART_Init	8	static
../Core/Src/main.c:268:13:MX_DMA_Init	16	static
../Core/Src/main.c:295:13:MX_GPIO_Init	48	static
../Core/Src/main.c:335:13:HandleButton	16	static
../Core/Src/main.c:345:13:HandleTable	96	static
../Core/Src/main.c:382:13:HandleBlink	16	static
../Core/Src/main.c:417:6:HAL_GPIO_EXTI_Callback	24	static
../Core/Src/main.c:430:6:HAL_UART_RxCpltCallback	24	static
../Core/Src/main.c:464:6:Error_Handler	4	static,ignoring_inline_asm
