../Core/Src/main.c:95:5:main	144	static
../Core/Src/main.c:196:6:SystemClock_Config	96	static
../Core/Src/main.c:246:13:MX_I2C1_Init	8	static
../Core/Src/main.c:294:13:MX_I2C2_Init	8	static
../Core/Src/main.c:342:13:MX_USART2_UART_Init	8	static
../Core/Src/main.c:377:13:MX_GPIO_Init	48	static
../Core/Src/main.c:416:9:PCF8591_ReadAnalog	96	static
../Core/Src/main.c:440:6:UART_Print	16	static
../Core/Src/main.c:443:6:HAL_UART_RxCpltCallback	16	static
../Core/Src/main.c:456:6:HAL_I2C_MasterTxCpltCallback	24	static
../Core/Src/main.c:460:6:HAL_I2C_MasterRxCpltCallback	16	static
../Core/Src/main.c:466:6:PCF8591_SetDAC	128	static
../Core/Src/main.c:491:6:Error_Handler	4	static,ignoring_inline_asm
